../Core/Src/main.c:72:5:main	16	static
../Core/Src/main.c:148:6:SystemClock_Config	88	static
../Core/Src/main.c:191:13:sendSensorData	72	static
../Core/Src/main.c:226:13:parseCommand	64	static
../Core/Src/main.c:293:13:sendUartString	16	static
../Core/Src/main.c:298:16:clampRgbValue	16	static
../Core/Src/main.c:311:13:showStartupScreen	8	static
../Core/Src/main.c:321:13:lcdSendLine	24	static
../Core/Src/main.c:334:13:busyWait	16	static,ignoring_inline_asm
../Core/Src/main.c:342:6:HAL_UART_RxCpltCallback	16	static
../Core/Src/main.c:385:6:Error_Handler	8	static,ignoring_inline_asm
